========== 开始记录测试信息 ==========
测试时间：2019-01-07 11:11:22
-                                                                     
CPU model            : 
Number of cores      : 
CPU frequency        :  MHz
Total size of Disk   : 473136992.0 GB (134177120.0 GB Used)
Total amount of Mem  :  MB ( MB Used)
Total amount of Swap :  MB ( MB Used)
System uptime        : 
Load average         : 
OS                   : 
Arch                 : x86_64 (64 Bit)
Kernel               : 18.2.0
-                                                                     
I/O speed(1st run)   : dd: unknown operand oflag
I/O speed(2nd run)   : dd: unknown operand oflag
I/O speed(3rd run)   : dd: unknown operand oflag
Average I/O speed    :  MB/s
-                                                                     
I/O speed(1st run)   : dd: unknown conversion fdatasync
I/O speed(2nd run)   : dd: unknown conversion fdatasync
I/O speed(3rd run)   : dd: unknown conversion fdatasync
Average I/O speed    :  MB/s
-                                                                     
===== 开始speedtest =====
Retrieving speedtest.net configuration...
Testing from China Unicom Liaoning (119.39.226.27)...
Retrieving speedtest.net server list...
Selecting best server based on ping...
Hosted by Changsha, Hunan Unicom (Changsha) [13.99 km]: 39.547 ms
Testing download speed................................................................................
Download: 0.49 Mbit/s
Testing upload speed................................................................................................
Upload: 1.84 Mbit/s
Share results: http://www.speedtest.net/result/7936469505.png
===== speedtest完成 =====
-                                                                     
